// Jest Snapshot v1, https://goo.gl/fbAQLP

exports[`PersonInfo renders PersonInfo component 1`] = `
<div
  class="container"
>
  <div
    class="topLinks"
  >
    <button>
       Previous Page 
    </button>
    <button>
      Back to Home
    </button>
  </div>
  <div
    class="personDetail"
  >
    <div
      class="propContainer"
    >
      <div
        class="label"
      >
        Name
      </div>
      <div
        class="value"
      >
        Luke Skywalker
      </div>
    </div>
    <div
      class="propContainer"
    >
      <div
        class="label"
      >
        Height
      </div>
      <div
        class="value"
      >
        172
      </div>
    </div>
    <div
      class="propContainer"
    >
      <div
        class="label"
      >
        Mass
      </div>
      <div
        class="value"
      >
        77
      </div>
    </div>
    <div
      class="propContainer"
    >
      <div
        class="label"
      >
        Hair_color
      </div>
      <div
        class="value"
      >
        blond
      </div>
    </div>
    <div
      class="propContainer"
    >
      <div
        class="label"
      >
        Skin_color
      </div>
      <div
        class="value"
      >
        fair
      </div>
    </div>
    <div
      class="propContainer"
    >
      <div
        class="label"
      >
        Eye_color
      </div>
      <div
        class="value"
      >
        blue
      </div>
    </div>
    <div
      class="propContainer"
    >
      <div
        class="label"
      >
        Birth_year
      </div>
      <div
        class="value"
      >
        19BBY
      </div>
    </div>
    <div
      class="propContainer"
    >
      <div
        class="label"
      >
        Gender
      </div>
      <div
        class="value"
      >
        male
      </div>
    </div>
    <div
      class="propContainer"
    >
      <div
        class="label"
      >
        Homeworld
      </div>
      <div
        class="value"
      >
        <a
          class="todo"
          href="/resource/homeworld/1"
        />
      </div>
    </div>
    <div
      class="propContainer"
    >
      <div
        class="label"
      >
        Films
      </div>
      <div
        class="value"
      >
        <a
          class="resourceLink"
          href="/resource/films/1"
        >
          Films
          1
        </a>
        <a
          class="resourceLink"
          href="/resource/films/2"
        >
          Films
          2
        </a>
        <a
          class="resourceLink"
          href="/resource/films/3"
        >
          Films
          3
        </a>
        <a
          class="resourceLink"
          href="/resource/films/6"
        >
          Films
          4
        </a>
      </div>
    </div>
    <div
      class="propContainer"
    >
      <div
        class="label"
      >
        Species
      </div>
      <div
        class="value"
      />
    </div>
    <div
      class="propContainer"
    >
      <div
        class="label"
      >
        Vehicles
      </div>
      <div
        class="value"
      >
        <a
          class="resourceLink"
          href="/resource/vehicles/14"
        >
          Vehicles
          1
        </a>
        <a
          class="resourceLink"
          href="/resource/vehicles/30"
        >
          Vehicles
          2
        </a>
      </div>
    </div>
    <div
      class="propContainer"
    >
      <div
        class="label"
      >
        Starships
      </div>
      <div
        class="value"
      >
        <a
          class="resourceLink"
          href="/resource/starships/12"
        >
          Starships
          1
        </a>
        <a
          class="resourceLink"
          href="/resource/starships/22"
        >
          Starships
          2
        </a>
      </div>
    </div>
    <div
      class="propContainer"
    >
      <div
        class="label"
      >
        Created
      </div>
      <div
        class="value"
      >
        2014-12-09T13:50:51.644000Z
      </div>
    </div>
    <div
      class="propContainer"
    >
      <div
        class="label"
      >
        Edited
      </div>
      <div
        class="value"
      >
        2014-12-20T21:17:56.891000Z
      </div>
    </div>
    <div
      class="propContainer"
    >
      <div
        class="label"
      >
        Url
      </div>
      <div
        class="value"
      >
        https://swapi.dev/api/people/1/
      </div>
    </div>
  </div>
</div>
`;
